[htmldemo.net/nelson/nelson/index.html]
[backblue.gif]
[fade.gif]
[index.html]
[htmldemo.net/nelson/nelson/assets/images/favicon.ico]
[htmldemo.net/nelson/nelson/assets/css/vendor/bootstrap.min.css]
[htmldemo.net/nelson/nelson/assets/css/vendor/iconfont.min.css]
[htmldemo.net/nelson/nelson/assets/css/vendor/helper.css]
[htmldemo.net/nelson/nelson/assets/css/plugins/plugins.css]
[htmldemo.net/nelson/nelson/assets/css/style.css]
[htmldemo.net/nelson/nelson/assets/js/vendor/modernizr-2.8.3.min.js]
[htmldemo.net/nelson/nelson/assets/images/logo.png]
[htmldemo.net/nelson/nelson/shop.html]
[htmldemo.net/nelson/nelson/index-2.html]
[htmldemo.net/nelson/nelson/about.html]
[htmldemo.net/nelson/nelson/compare.html]
[htmldemo.net/nelson/nelson/cart.html]
[htmldemo.net/nelson/nelson/checkout.html]
[htmldemo.net/nelson/nelson/wishlist.html]
[htmldemo.net/nelson/nelson/my-account.html]
[htmldemo.net/nelson/nelson/login-register.html]
[htmldemo.net/nelson/nelson/faq.html]
[htmldemo.net/nelson/nelson/404.html]
[htmldemo.net/nelson/nelson/shop-three-column.html]
[htmldemo.net/nelson/nelson/shop-four-column.html]
[htmldemo.net/nelson/nelson/shop-right-sidebar.html]
[htmldemo.net/nelson/nelson/shop-list-nosidebar.html]
[htmldemo.net/nelson/nelson/shop-list-left-sidebar.html]
[htmldemo.net/nelson/nelson/shop-list-right-sidebar.html]
[htmldemo.net/nelson/nelson/single-product.html]
[htmldemo.net/nelson/nelson/single-product-variable.html]
[htmldemo.net/nelson/nelson/single-product-group.html]
[htmldemo.net/nelson/nelson/single-product-affiliate.html]
[htmldemo.net/nelson/nelson/single-product-tabstyle-2.html]
[htmldemo.net/nelson/nelson/single-product-tabstyle-3.html]
[htmldemo.net/nelson/nelson/single-product-gallery-left.html]
[htmldemo.net/nelson/nelson/single-product-gallery-right.html]
[htmldemo.net/nelson/nelson/single-product-sticky-left.html]
[htmldemo.net/nelson/nelson/single-product-sticky-right.html]
[htmldemo.net/nelson/nelson/single-product-slider-box.html]
[htmldemo.net/nelson/nelson/blog.html]
[htmldemo.net/nelson/nelson/blog-two-column.html]
[htmldemo.net/nelson/nelson/blog-left-sidebar.html]
[htmldemo.net/nelson/nelson/blog-right-sidebar.html]
[htmldemo.net/nelson/nelson/blog-details.html]
[htmldemo.net/nelson/nelson/blog-details-gallery.html]
[htmldemo.net/nelson/nelson/blog-details-audio.html]
[htmldemo.net/nelson/nelson/blog-details-video.html]
[htmldemo.net/nelson/nelson/contact.html]
[htmldemo.net/nelson/nelson/assets/images/icons/en-gb.png]
[htmldemo.net/nelson/nelson/assets/images/icons/de-de.png]
[htmldemo.net/nelson/nelson/assets/images/cart/cart1.jpg]
[htmldemo.net/nelson/nelson/assets/images/cart/cart2.jpg]
[htmldemo.net/nelson/nelson/assets/images/hero/hero-1.jpg]
[htmldemo.net/nelson/nelson/assets/images/hero/hero-2.jpg]
[htmldemo.net/nelson/nelson/assets/images/banner/banner1.jpg]
[htmldemo.net/nelson/nelson/shop-left-sidebar.35.delayed]
[htmldemo.net/nelson/nelson/assets/images/banner/banner2.jpg]
[htmldemo.net/nelson/nelson/assets/images/product/product-1.jpg]
[htmldemo.net/nelson/nelson/assets/images/product/product-2.jpg]
[htmldemo.net/nelson/nelson/wishlit.html]
[htmldemo.net/nelson/nelson/assets/images/product/product-3.jpg]
[htmldemo.net/nelson/nelson/assets/images/product/product-4.jpg]
[htmldemo.net/nelson/nelson/assets/images/product/product-5.jpg]
[htmldemo.net/nelson/nelson/assets/images/product/product-6.jpg]
[htmldemo.net/nelson/nelson/assets/images/product/product-7.jpg]
[htmldemo.net/nelson/nelson/assets/images/product/product-8.jpg]
[htmldemo.net/nelson/nelson/assets/images/product/product-9.jpg]
[htmldemo.net/nelson/nelson/assets/images/product/product-10.jpg]
[htmldemo.net/nelson/nelson/assets/images/product/product-11.jpg]
[htmldemo.net/nelson/nelson/assets/images/product/product-12.jpg]
[htmldemo.net/nelson/nelson/assets/images/product/product-13.jpg]
[htmldemo.net/nelson/nelson/assets/images/product/product-14.jpg]
[htmldemo.net/nelson/nelson/assets/images/product/product-15.jpg]
[htmldemo.net/nelson/nelson/assets/images/product/product-16.jpg]
[htmldemo.net/nelson/nelson/assets/images/banner/banner3.jpg]
[htmldemo.net/nelson/nelson/assets/images/icons/feature-1.png]
[htmldemo.net/nelson/nelson/assets/images/icons/feature-2.png]
[htmldemo.net/nelson/nelson/assets/images/icons/feature-3.png]
[htmldemo.net/nelson/nelson/assets/images/blog/blog-1.jpg]
[htmldemo.net/nelson/nelson/assets/images/blog/blog-2.jpg]
[htmldemo.net/nelson/nelson/assets/images/blog/blog-3.jpg]
[htmldemo.net/nelson/nelson/assets/images/testimonial/testimonial-2.png]
[htmldemo.net/nelson/nelson/assets/images/author/author-1.png]
[htmldemo.net/nelson/nelson/assets/images/testimonial/testimonial-1.png]
[htmldemo.net/nelson/nelson/assets/images/brands/brand-1.png]
[htmldemo.net/nelson/nelson/assets/images/brands/brand-2.png]
[htmldemo.net/nelson/nelson/assets/images/brands/brand-3.png]
[htmldemo.net/nelson/nelson/assets/images/brands/brand-4.png]
[htmldemo.net/nelson/nelson/assets/images/brands/brand-5.png]
[htmldemo.net/nelson/nelson/assets/images/payment.png]
[htmldemo.net/nelson/nelson/assets/images/product/large-product/l-product-1.jpg]
[htmldemo.net/nelson/nelson/assets/images/product/large-product/l-product-2.jpg]
[htmldemo.net/nelson/nelson/assets/images/product/large-product/l-product-3.jpg]
[htmldemo.net/nelson/nelson/assets/images/product/large-product/l-product-4.jpg]
[htmldemo.net/nelson/nelson/assets/images/product/large-product/l-product-5.jpg]
[htmldemo.net/nelson/nelson/assets/images/product/small-product/s-product-1.jpg]
[htmldemo.net/nelson/nelson/assets/images/product/small-product/s-product-2.jpg]
[htmldemo.net/nelson/nelson/assets/images/product/small-product/s-product-3.jpg]
[htmldemo.net/nelson/nelson/assets/images/product/small-product/s-product-4.jpg]
[htmldemo.net/nelson/nelson/assets/images/product/small-product/s-product-5.jpg]
[htmldemo.net/nelson/nelson/assets/js/vendor/jquery-1.12.4.min.js]
[htmldemo.net/nelson/nelson/assets/js/plugins/plugins.js]
[htmldemo.net/nelson/nelson/index.html]
[htmldemo.net/nelson/nelson/assets/css/vendor/bootstrap.min.css]
[htmldemo.net/nelson/nelson/assets/js/vendor/bootstrap.min.js]
[htmldemo.net/nelson/nelson/assets/js/main.js]
[htmldemo.net/nelson/nelson/assets/fonts/fontawesome-webfont3e6e.eot]
[htmldemo.net/nelson/nelson/assets/fonts/fontawesome-webfont3e6e.woff2]
[htmldemo.net/nelson/nelson/assets/fonts/fontawesome-webfontd41d.eot]
[htmldemo.net/nelson/nelson/assets/fonts/fontawesome-webfont3e6e.woff]
[htmldemo.net/nelson/nelson/assets/css/fonts/fontawesome-webfont3e6e.ttf]
[htmldemo.net/nelson/nelson/assets/fonts/fontawesome-webfont3e6e.svg]
[htmldemo.net/nelson/nelson/assets/fonts/Flaticon.eot]
[htmldemo.net/nelson/nelson/assets/fonts/Flaticond41d.eot]
[htmldemo.net/nelson/nelson/assets/fonts/Flaticon.woff2]
[htmldemo.net/nelson/nelson/assets/fonts/Flaticon.woff]
[htmldemo.net/nelson/nelson/assets/fonts/Flaticon.ttf]
[htmldemo.net/nelson/nelson/assets/css/vendor/iconfont.min.css]
[htmldemo.net/nelson/nelson/assets/css/vendor/helper.css]
[htmldemo.net/nelson/nelson/assets/fonts/Flaticon.svg]
[htmldemo.net/nelson/nelson/assets/css/plugins/images/ui-icons_444444_256x240.png]
[htmldemo.net/nelson/nelson/assets/css/plugins/images/ui-icons_555555_256x240.png]
[htmldemo.net/nelson/nelson/assets/css/plugins/images/ui-icons_ffffff_256x240.png]
[htmldemo.net/nelson/nelson/assets/css/plugins/images/ui-icons_777620_256x240.png]
[htmldemo.net/nelson/nelson/assets/css/plugins/images/ui-icons_cc0000_256x240.png]
[htmldemo.net/nelson/nelson/assets/css/plugins/images/ui-icons_777777_256x240.png]
[htmldemo.net/nelson/nelson/assets/css/plugins/plugins.css]
[htmldemo.net/nelson/nelson/assets/images/icons/quote-left.png]
[htmldemo.net/nelson/nelson/assets/css/style.css]
[htmldemo.net/nelson/nelson/assets/images/hero/hero-3.jpg]
[htmldemo.net/nelson/nelson/assets/images/hero/hero-4.jpg]
[htmldemo.net/nelson/nelson/assets/images/banner/banner4.jpg]
[htmldemo.net/nelson/nelson/assets/images/banner/banner5.jpg]
[htmldemo.net/nelson/nelson/assets/images/banner/banner6.jpg]
[htmldemo.net/nelson/nelson/assets/images/banner/banner7.jpg]
[htmldemo.net/nelson/nelson/assets/images/banner/banner8.jpg]
[htmldemo.net/nelson/nelson/assets/images/banner/banner9.jpg]
[htmldemo.net/nelson/nelson/index-2.html]
[htmldemo.net/nelson/nelson/assets/images/bg/breadcrumb.png]
[htmldemo.net/nelson/nelson/shop.html]
[htmldemo.net/nelson/nelson/assets/images/blog/blog-6.jpg]
[htmldemo.net/nelson/nelson/assets/images/team/team-1.jpg]
[htmldemo.net/nelson/nelson/assets/images/team/team-2.jpg]
[htmldemo.net/nelson/nelson/assets/images/team/team-3.jpg]
[htmldemo.net/nelson/nelson/about.html]
[htmldemo.net/nelson/nelson/compare.html]
[htmldemo.net/nelson/nelson/cart.html]
[htmldemo.net/nelson/nelson/checkout.html]
[htmldemo.net/nelson/nelson/wishlist.html]
[htmldemo.net/nelson/nelson/my-account.html]
[htmldemo.net/nelson/nelson/login-register.html]
[htmldemo.net/nelson/nelson/faq.html]
[htmldemo.net/nelson/nelson/404.html]
[htmldemo.net/nelson/nelson/shop-three-column.html]
[htmldemo.net/nelson/nelson/shop-four-column.html]
[htmldemo.net/nelson/nelson/shop-right-sidebar.html]
[htmldemo.net/nelson/nelson/shop-list-nosidebar.html]
[htmldemo.net/nelson/nelson/shop-list-left-sidebar.html]
[htmldemo.net/nelson/nelson/shop-list-right-sidebar.html]
[htmldemo.net/nelson/nelson/assets/images/icons/author.png]
[htmldemo.net/nelson/nelson/single-product.html]
[htmldemo.net/nelson/nelson/single-product-variable.html]
[htmldemo.net/nelson/nelson/single-product-affiliate.html]
[htmldemo.net/nelson/nelson/single-product-group.html]
[htmldemo.net/nelson/nelson/single-product-tabstyle-2.html]
[htmldemo.net/nelson/nelson/single-product-tabstyle-3.html]
[htmldemo.net/nelson/nelson/single-product-gallery-left.html]
[htmldemo.net/nelson/nelson/single-product-gallery-right.html]
[htmldemo.net/nelson/nelson/single-product-sticky-left.html]
[htmldemo.net/nelson/nelson/single-product-sticky-right.html]
[htmldemo.net/nelson/nelson/single-product-slider-box.html]
[htmldemo.net/nelson/nelson/blog.html]
[htmldemo.net/nelson/nelson/blog-two-column.html]
[htmldemo.net/nelson/nelson/assets/images/rc-post/blog1.jpg]
[htmldemo.net/nelson/nelson/assets/images/rc-post/blog2.jpg]
[htmldemo.net/nelson/nelson/assets/images/rc-post/blog3.jpg]
[htmldemo.net/nelson/nelson/assets/images/rc-post/blog4.jpg]
[htmldemo.net/nelson/nelson/blog-left-sidebar.html]
[htmldemo.net/nelson/nelson/blog-right-sidebar.html]
[htmldemo.net/nelson/nelson/assets/images/blog/blog-5.jpg]
[htmldemo.net/nelson/nelson/assets/images/blog/blog-7.jpg]
[htmldemo.net/nelson/nelson/assets/images/author/author2.jpg]
[htmldemo.net/nelson/nelson/assets/images/author/author3.jpg]
[htmldemo.net/nelson/nelson/assets/images/author/author4.jpg]
[htmldemo.net/nelson/nelson/blog-details.html]
[htmldemo.net/nelson/nelson/blog-details-gallery.html]
[htmldemo.net/nelson/nelson/blog-details-audio.html]
[htmldemo.net/nelson/nelson/blog-details-video.html]
[htmldemo.net/nelson/nelson/contact.html]
[htmldemo.net/nelson/nelson/shop-left-sidebar.html]
[htmldemo.net/nelson/nelson/wishlit.html]
[htmldemo.net/nelson/nelson/assets/css/fonts/fontawesome-webfont3e6e.html]
[htmldemo.net/nelson/nelson/assets/fonts/fontawesome-webfont3e6e.svg]
[htmldemo.net/nelson/nelson/assets/fonts/Flaticon.svg]
[htmldemo.net/nelson/nelson/assets/css/plugins/images/ui-icons_444444_256x240.html]
[htmldemo.net/nelson/nelson/assets/css/plugins/images/ui-icons_555555_256x240.html]
[htmldemo.net/nelson/nelson/assets/css/plugins/images/ui-icons_ffffff_256x240.html]
[htmldemo.net/nelson/nelson/assets/css/plugins/images/ui-icons_777620_256x240.html]
[htmldemo.net/nelson/nelson/assets/css/plugins/images/ui-icons_cc0000_256x240.html]
[htmldemo.net/nelson/nelson/assets/css/plugins/images/ui-icons_777777_256x240.html]
[htmldemo.net/nelson/nelson/assets/images/icons/quote-left.html]
